// Jest Snapshot v1, https://goo.gl/fbAQLP

exports[`MistakesList correctly renders 1`] = `ShallowWrapper {}`;
