// Jest Snapshot v1, https://goo.gl/fbAQLP

exports[`PlayAgainLink correctly renders 1`] = `ShallowWrapper {}`;
