// Jest Snapshot v1, https://goo.gl/fbAQLP

exports[`Game screen correctly works Artist screen renders 1`] = `ShallowWrapper {}`;

exports[`Game screen correctly works Genre screen renders 1`] = `ShallowWrapper {}`;
