// Jest Snapshot v1, https://goo.gl/fbAQLP

exports[`Authorization screen correctly renders 1`] = `ShallowWrapper {}`;
