// Jest Snapshot v1, https://goo.gl/fbAQLP

exports[`Timer renders correctly Timer has a lot of time - usual behaviour 1`] = `ShallowWrapper {}`;

exports[`Timer renders correctly Timer has low time - should be added finishing class 1`] = `ShallowWrapper {}`;
