// Jest Snapshot v1, https://goo.gl/fbAQLP

exports[`WithPrivateRoute correctly works Component renders 1`] = `ShallowWrapper {}`;

exports[`WithPrivateRoute correctly works Redirect to auth screen renders 1`] = `ShallowWrapper {}`;
