// Jest Snapshot v1, https://goo.gl/fbAQLP

exports[`Victory screen renders correctly 1`] = `ShallowWrapper {}`;
