// Jest Snapshot v1, https://goo.gl/fbAQLP

exports[`ArtistAnswersList correctly renders 1`] = `ShallowWrapper {}`;
