// Jest Snapshot v1, https://goo.gl/fbAQLP

exports[`WelcomeScreenLink correctly renders 1`] = `ShallowWrapper {}`;
