// Jest Snapshot v1, https://goo.gl/fbAQLP

exports[`GenreQuestionScreenTrack correctly renders 1`] = `ShallowWrapper {}`;
